// Jest Snapshot v1, https://goo.gl/fbAQLP

exports[`ExpenseListItem component should render ExpenseListItem with expense 1`] = `
<Link
  className="list-item"
  to="/edit/1"
>
  <div>
    <h3
      className="list-item__title"
    >
      Water Bill
    </h3>
    <div
      className="list-item__created-at"
    >
      April 19, 2019
    </div>
  </div>
  <div
    className="list-item__amount"
  >
    €166,60
  </div>
</Link>
`;
